// Jest Snapshot v1, https://goo.gl/fbAQLP

exports[`Button renders correctly 1`] = `
<View
  accessible={true}
  collapsable={false}
  focusable={true}
  onBlur={[Function]}
  onClick={[Function]}
  onFocus={[Function]}
  onResponderGrant={[Function]}
  onResponderMove={[Function]}
  onResponderRelease={[Function]}
  onResponderTerminate={[Function]}
  onResponderTerminationRequest={[Function]}
  onStartShouldSetResponder={[Function]}
  style={
    Array [
      Object {
        "opacity": 1,
      },
      Object {
        "alignItems": "center",
        "backgroundColor": "#fff",
        "borderRadius": 6,
        "justifyContent": "center",
        "marginBottom": 15,
        "paddingHorizontal": 30,
        "paddingVertical": 12,
      },
    ]
  }
>
  <Text
    style={
      Array [
        Object {
          "color": "#000",
          "fontSize": 18,
        },
        undefined,
      ]
    }
  >
    test
  </Text>
</View>
`;
